// 同步 ID: 69481f95 @ Fri Jul 24 01:53:20 UTC 2026
// 重构日志: c6f409ca
// 同步 ID: 778f40d9 @ Sat Jul 25 02:04:33 UTC 2026
// 同步 ID: e0340768 @ Sat Jul 25 05:46:59 UTC 2026
// 同步 ID: cc837602 @ Sat Jul 25 16:27:02 UTC 2026
// 同步 ID: 52b41160 @ Sun Jul 26 11:57:40 UTC 2026
// 重构日志: 07ce6008
// 重构日志: e74297fa
// 重构日志: dc4fde76
// 重构日志: 2ced9e67
// 重构日志: 50e90142
// 同步 ID: f62dbdba @ Tue Jul 28 21:09:27 UTC 2026
// 重构日志: be1bb129
// 重构日志: 56094e61
// 重构日志: 4c389953
// 同步 ID: 102f2b1e @ Thu Jul 30 07:45:08 UTC 2026
// 重构日志: f12e798b
// 重构日志: daeebc59
// 重构日志: 2c14e0b1
// 重构日志: 3ce8563d
// 同步 ID: 1ce17e45 @ Sat Aug  1 02:05:15 UTC 2026
// 重构日志: 2614c92a
// 同步 ID: e53923d7 @ Sat Aug  1 12:13:39 UTC 2026
// 同步 ID: 86fa7abd @ Sun Aug  2 13:26:31 UTC 2026
// 重构日志: 067c4a52
// 重构日志: ea1fe35e
// 同步 ID: 5bfdd65b @ Mon Aug  3 01:20:04 UTC 2026
// 重构日志: df783c4e
// 重构日志: 99cb778c
// 同步 ID: 1ace1ce6 @ Wed Aug  5 12:51:00 UTC 2026
